this is demo of  how to install git in the system and then push the code to git 
devel@Developer MINGW64 ~/OneDrive/Documents/youtube-mern-deployment/New folder
$ git init
Initialized empty Git repository in C:/Users/devel/OneDrive/Documents/youtube-mern-deployment/New folder/.git/

devel@Developer MINGW64 ~/OneDrive/Documents/youtube-mern-deployment/New folder (master)
$ git status
On branch master

No commits yet

Untracked files:
  (use "git add <file>..." to include in what will be committed)
        hello.txt

nothing added to commit but untracked files present (use "git add" to track)

devel@Developer MINGW64 ~/OneDrive/Documents/youtube-mern-deployment/New folder (master)
$ git add .

devel@Developer MINGW64 ~/OneDrive/Documents/youtube-mern-deployment/New folder (master)
$ git commit -m "first commit"
Author identity unknown

*** Please tell me who you are.

Run

  git config --global user.email "you@example.com"
  git config --global user.name "Your Name"

to set your account's default identity.
Omit --global to set the identity only in this repository.

fatal: unable to auto-detect email address (got 'devel@Developer.(none)')

devel@Developer MINGW64 ~/OneDrive/Documents/youtube-mern-deployment/New folder (master)
$ git config --global user.email "flarenook@gmail.com"

devel@Developer MINGW64 ~/OneDrive/Documents/youtube-mern-deployment/New folder (master)
$ git config --global user.name "flarenook89"

devel@Developer MINGW64 ~/OneDrive/Documents/youtube-mern-deployment/New folder (master)
$ git commit -m "first commit"
[master (root-commit) f1d4a41] first commit
 1 file changed, 1 insertion(+)
 create mode 100644 hello.txt

devel@Developer MINGW64 ~/OneDrive/Documents/youtube-mern-deployment/New folder (master)
$ git remote add origin https://github.com/FlareNook89/demo.git

devel@Developer MINGW64 ~/OneDrive/Documents/youtube-mern-deployment/New folder (master)
$ git push -u origin master
Enumerating objects: 3, done.
Counting objects: 100% (3/3), done.
Writing objects: 100% (3/3), 218 bytes | 109.00 KiB/s, done.
Total 3 (delta 0), reused 0 (delta 0), pack-reused 0 (from 0)
To https://github.com/FlareNook89/demo.git
 * [new branch]      master -> master
branch 'master' set up to track 'origin/master'.

devel@Developer MINGW64 ~/OneDrive/Documents/youtube-mern-deployment/New folder (master)
$
